[2026/05/11 14:55:51] [INFO] 识别模块初始化完成
[2026/05/11 14:55:56] [INFO] [前端 idx.html] 初始化认证模块
[2026/05/11 14:55:56] [INFO] [前端 in.html] 初始化认证模块
[2026/05/11 14:55:56] [INFO] [前端 out.html] 初始化认证模块
[2026/05/11 14:56:00] [INFO] [前端 manager.html] 初始化认证模块
[2026/05/11 14:56:01] [INFO] [前端 console.html] 初始化认证模块
[2026/05/11 14:56:01] [INFO] 控制台客户端已连接
[2026/05/11 14:56:15] [INFO] 控制台客户端已断开
[2026/05/11 14:56:15] [INFO] [前端 idx.html] 初始化认证模块
[2026/05/11 14:56:15] [INFO] [前端 in.html] 初始化认证模块
[2026/05/11 14:56:15] [INFO] [前端 out.html] 初始化认证模块
[2026/05/11 14:56:16] [INFO] [前端 console.html] 初始化认证模块
[2026/05/11 14:56:16] [INFO] 控制台客户端已连接
[2026/05/11 14:56:18] [INFO] 控制台客户端已断开
[2026/05/11 14:56:18] [INFO] [前端 manager.html] 初始化认证模块
[2026/05/11 14:56:23] [INFO] [前端 console.html] 初始化认证模块
[2026/05/11 14:56:23] [INFO] 控制台客户端已连接
[2026/05/11 14:56:25] [INFO] 控制台客户端已断开
[2026/05/11 14:56:25] [INFO] [前端 manager.html] 初始化认证模块
[2026/05/11 14:56:30] [INFO] [前端 console.html] 初始化认证模块
[2026/05/11 14:56:30] [INFO] 控制台客户端已连接
[2026/05/11 14:56:33] [INFO] 控制台客户端已断开
[2026/05/11 14:56:33] [INFO] [前端 idx.html] 初始化认证模块
[2026/05/11 14:56:33] [INFO] [前端 in.html] 初始化认证模块
[2026/05/11 14:56:33] [INFO] [前端 out.html] 初始化认证模块
